// Jest Snapshot v1, https://goo.gl/fbAQLP

exports[`/test/framework/config.test.ts config decorator should be ok 1`] = `
Object {
  "bbb": Object {
    "key": "config",
    "propertyName": "bbb",
    "targetKey": "bbb",
  },
  "hhh": Object {
    "key": "config",
    "propertyName": "hhh",
    "targetKey": "hhh",
  },
}
`;
