// Jest Snapshot v1, https://goo.gl/fbAQLP

exports[`/test/framework/plugin.test.ts plugin decorator should be ok 1`] = `
Object {
  "bbb": Object {
    "key": "plugin",
    "propertyName": "bbb",
    "targetKey": "bbb",
  },
  "test": Object {
    "key": "plugin",
    "propertyName": "test",
    "targetKey": "test",
  },
}
`;
